// Jest Snapshot v1, https://goo.gl/fbAQLP

exports[`<For /> should render and match the snapshot 1`] = `
<body>
  <div>
    <div
      data-testid="for"
    />
  </div>
</body>
`;
